../Core/Src/main.c:102:6:read_raw_t_p	40	static
../Core/Src/main.c:117:6:HAL_UART_RxCpltCallback	16	static
../Core/Src/main.c:125:14:bmp280_compensate_T_int32	32	static
../Core/Src/main.c:136:14:bmp280_compensate_P_int64	328	static
../Core/Src/main.c:163:5:main	56	static
../Core/Src/main.c:309:6:SystemClock_Config	88	static
../Core/Src/main.c:363:13:MX_CAN1_Init	8	static
../Core/Src/main.c:400:13:MX_I2C1_Init	8	static
../Core/Src/main.c:434:13:MX_TIM2_Init	32	static
../Core/Src/main.c:479:13:MX_UART4_Init	8	static
../Core/Src/main.c:512:13:MX_USART2_UART_Init	8	static
../Core/Src/main.c:545:13:MX_GPIO_Init	48	static
../Core/Src/main.c:578:6:User_UartCompleteCallback	16	static
../Core/Src/main.c:591:6:Error_Handler	4	static,ignoring_inline_asm
