../Core/Src/main.c:103:6:read_raw_t_p	40	static
../Core/Src/main.c:120:14:bmp280_compensate_T_int32	32	static
../Core/Src/main.c:131:14:bmp280_compensate_P_int64	328	static
../Core/Src/main.c:158:5:main	72	static
../Core/Src/main.c:301:6:SystemClock_Config	88	static
../Core/Src/main.c:355:13:MX_CAN1_Init	8	static
../Core/Src/main.c:392:13:MX_I2C1_Init	8	static
../Core/Src/main.c:426:13:MX_TIM2_Init	32	static
../Core/Src/main.c:471:13:MX_UART4_Init	8	static
../Core/Src/main.c:504:13:MX_UART5_Init	8	static
../Core/Src/main.c:537:13:MX_USART2_UART_Init	8	static
../Core/Src/main.c:570:13:MX_GPIO_Init	48	static
../Core/Src/main.c:604:6:User_UartCompleteCallback	16	static
../Core/Src/main.c:614:6:Error_Handler	4	static,ignoring_inline_asm
